Archive member included because of file (symbol)

c:/program files (x86)/atmel/atmel toolchain/avr8 gcc/native/3.4.2.1002/avr8-gnu-toolchain/bin/../lib/gcc/avr/4.7.2/avr5\libgcc.a(_udivmodsi4.o)
                              HAL/TMPSENSOR/TempSensor.o (__udivmodsi4)
c:/program files (x86)/atmel/atmel toolchain/avr8 gcc/native/3.4.2.1002/avr8-gnu-toolchain/bin/../lib/gcc/avr/4.7.2/avr5\libgcc.a(_divmodsi4.o)
                              HAL/LCD/Lcd.o (__divmodsi4)
c:/program files (x86)/atmel/atmel toolchain/avr8 gcc/native/3.4.2.1002/avr8-gnu-toolchain/bin/../lib/gcc/avr/4.7.2/avr5\libgcc.a(_exit.o)
                              c:/program files (x86)/atmel/atmel toolchain/avr8 gcc/native/3.4.2.1002/avr8-gnu-toolchain/bin/../lib/gcc/avr/4.7.2/../../../../avr/lib/avr5/crtm32.o (exit)
c:/program files (x86)/atmel/atmel toolchain/avr8 gcc/native/3.4.2.1002/avr8-gnu-toolchain/bin/../lib/gcc/avr/4.7.2/avr5\libgcc.a(_copy_data.o)
                              APP/Password/Password.o (__do_copy_data)
c:/program files (x86)/atmel/atmel toolchain/avr8 gcc/native/3.4.2.1002/avr8-gnu-toolchain/bin/../lib/gcc/avr/4.7.2/avr5\libgcc.a(_clear_bss.o)
                              MCAL/INTERRUPT/ExtInt.o (__do_clear_bss)
c:/program files (x86)/atmel/atmel toolchain/avr8 gcc/native/3.4.2.1002/avr8-gnu-toolchain/bin/../lib/gcc/avr/4.7.2/avr5\libgcc.a(_umulhisi3.o)
                              HAL/TMPSENSOR/TempSensor.o (__umulhisi3)

Allocating common symbols
Common symbol       size              file

CallBack            0x2               MCAL/INTERRUPT/ExtInt.o

Discarded input sections

 .bss           0x00000000        0x0 c:/program files (x86)/atmel/atmel toolchain/avr8 gcc/native/3.4.2.1002/avr8-gnu-toolchain/bin/../lib/gcc/avr/4.7.2/../../../../avr/lib/avr5/crtm32.o
 .text          0x00000000        0x0 APP/App.o
 .bss           0x00000000        0x0 APP/App.o
 .text          0x00000000        0x0 APP/main.o
 .bss           0x00000000        0x0 APP/main.o
 .text          0x00000000        0x0 APP/Password/Password.o
 .bss           0x00000000        0x0 APP/Password/Password.o
 .rodata.str1.1
                0x00000000        0x2 APP/Password/Password.o
 .text.passwordCheck
                0x00000000       0x12 APP/Password/Password.o
 .text          0x00000000        0x0 HAL/BUZZER/Buzzer.o
 .bss           0x00000000        0x0 HAL/BUZZER/Buzzer.o
 .text.H_Buzzer_Init
                0x00000000        0xa HAL/BUZZER/Buzzer.o
 .text.H_Buzzer_On
                0x00000000        0xa HAL/BUZZER/Buzzer.o
 .text.H_Buzzer_Off
                0x00000000        0xa HAL/BUZZER/Buzzer.o
 .text.H_Buzzer_Tog
                0x00000000        0x8 HAL/BUZZER/Buzzer.o
 .text.H_Buzzer_Once
                0x00000000       0x24 HAL/BUZZER/Buzzer.o
 .text.H_Buzzer_Twice
                0x00000000       0x1c HAL/BUZZER/Buzzer.o
 .text.H_Buzzer_Triple
                0x00000000       0x32 HAL/BUZZER/Buzzer.o
 .text.H_Buzzer_OnceLong
                0x00000000       0x24 HAL/BUZZER/Buzzer.o
 .text          0x00000000        0x0 HAL/DC_MOTOR/DC_MOTOR.o
 .bss           0x00000000        0x0 HAL/DC_MOTOR/DC_MOTOR.o
 .text.H_DC_MOTOR_Init
                0x00000000       0x16 HAL/DC_MOTOR/DC_MOTOR.o
 .text.H_DC_MOTOR_CW
                0x00000000       0x18 HAL/DC_MOTOR/DC_MOTOR.o
 .text.H_DC_MOTOR_CCW
                0x00000000       0x16 HAL/DC_MOTOR/DC_MOTOR.o
 .text.H_DC_MOTOR_STOP
                0x00000000       0x18 HAL/DC_MOTOR/DC_MOTOR.o
 .text.H_DC_MOTOR_SPEED
                0x00000000        0x8 HAL/DC_MOTOR/DC_MOTOR.o
 .text          0x00000000        0x0 HAL/KEYPAD/KeyPad.o
 .bss           0x00000000        0x0 HAL/KEYPAD/KeyPad.o
 .text.H_KeyPad_Init
                0x00000000       0x62 HAL/KEYPAD/KeyPad.o
 .rodata        0x00000000       0x10 HAL/KEYPAD/KeyPad.o
 .text.H_KeyPad_Read
                0x00000000       0xe4 HAL/KEYPAD/KeyPad.o
 .text          0x00000000        0x0 HAL/LCD/Lcd.o
 .bss           0x00000000        0x0 HAL/LCD/Lcd.o
 .text.H_Lcd_WriteCharacter
                0x00000000       0x8c HAL/LCD/Lcd.o
 .text.H_Lcd_WriteCommand
                0x00000000       0x8c HAL/LCD/Lcd.o
 .text.H_Lcd_Init
                0x00000000       0x68 HAL/LCD/Lcd.o
 .text.H_Lcd_WriteString
                0x00000000       0x2a HAL/LCD/Lcd.o
 .text.H_Lcd_WriteNum
                0x00000000      0x104 HAL/LCD/Lcd.o
 .text.H_Lcd_Clr
                0x00000000        0x8 HAL/LCD/Lcd.o
 .text.H_Lcd_GoTo
                0x00000000       0x2a HAL/LCD/Lcd.o
 .text.H_Lcd_ClockDisplay
                0x00000000       0xfe HAL/LCD/Lcd.o
 .text          0x00000000        0x0 HAL/LED/Led.o
 .bss           0x00000000        0x0 HAL/LED/Led.o
 .text.H_Led_Init
                0x00000000       0x2a HAL/LED/Led.o
 .text.H_Led_On
                0x00000000       0x2a HAL/LED/Led.o
 .text.H_Led_Off
                0x00000000       0x2a HAL/LED/Led.o
 .text.H_Led_Tog
                0x00000000       0x24 HAL/LED/Led.o
 .text.H_Led_BlinkOnce
                0x00000000       0x78 HAL/LED/Led.o
 .text.H_Led_BlinkTwice
                0x00000000       0x6a HAL/LED/Led.o
 .text          0x00000000        0x0 HAL/PUSHBUTTON/PushButton.o
 .bss           0x00000000        0x0 HAL/PUSHBUTTON/PushButton.o
 .text.H_PushButton_Init
                0x00000000       0x3e HAL/PUSHBUTTON/PushButton.o
 .text.H_PushButton_Read
                0x00000000      0x10e HAL/PUSHBUTTON/PushButton.o
 .text          0x00000000        0x0 HAL/SSG/Ssd.o
 .bss           0x00000000        0x0 HAL/SSG/Ssd.o
 .text.H_Ssd_Display
                0x00000000      0x2b6 HAL/SSG/Ssd.o
 .text.H_Ssd_Init
                0x00000000       0x4a HAL/SSG/Ssd.o
 .text.H_Ssd_WriteNum
                0x00000000       0x76 HAL/SSG/Ssd.o
 .text.H_Ssd_CountUp
                0x00000000       0x1a HAL/SSG/Ssd.o
 .text.H_Ssd_CountDown
                0x00000000       0x16 HAL/SSG/Ssd.o
 .text.H_Ssd_Disable
                0x00000000       0x12 HAL/SSG/Ssd.o
 .text          0x00000000        0x0 HAL/TMPSENSOR/TempSensor.o
 .bss           0x00000000        0x0 HAL/TMPSENSOR/TempSensor.o
 .text.H_TempSensor_Init
                0x00000000        0x6 HAL/TMPSENSOR/TempSensor.o
 .text.H_TempSensor_Read
                0x00000000       0x20 HAL/TMPSENSOR/TempSensor.o
 .text          0x00000000        0x0 MCAL/ADC/Adc.o
 .bss           0x00000000        0x0 MCAL/ADC/Adc.o
 .text.M_Adc_Init
                0x00000000       0x1c MCAL/ADC/Adc.o
 .text.M_Adc_Read
                0x00000000       0x10 MCAL/ADC/Adc.o
 .text          0x00000000        0x0 MCAL/DIO/Dio.o
 .bss           0x00000000        0x0 MCAL/DIO/Dio.o
 .text.M_Dio_PinWrite
                0x00000000      0x13c MCAL/DIO/Dio.o
 .text.M_Dio_PinRead
                0x00000000       0x98 MCAL/DIO/Dio.o
 .text.M_Dio_PinTog
                0x00000000       0xa4 MCAL/DIO/Dio.o
 .text.M_Dio_PortMode
                0x00000000       0x5e MCAL/DIO/Dio.o
 .text.M_Dio_PortWrite
                0x00000000       0x5e MCAL/DIO/Dio.o
 .text          0x00000000        0x0 MCAL/GIE/GIE.o
 .bss           0x00000000        0x0 MCAL/GIE/GIE.o
 .text.M_GIE_VoidEnable
                0x00000000        0x4 MCAL/GIE/GIE.o
 .text.M_GIE_VoidDisable
                0x00000000        0x4 MCAL/GIE/GIE.o
 .text          0x00000000        0x0 MCAL/INTERRUPT/ExtInt.o
 .bss           0x00000000        0x0 MCAL/INTERRUPT/ExtInt.o
 .text.M_ExtInt_Init
                0x00000000       0x1a MCAL/INTERRUPT/ExtInt.o
 .text.M_ExtInt_SetCallBack
                0x00000000        0xa MCAL/INTERRUPT/ExtInt.o
 .text          0x00000000        0x0 MCAL/TIMER/timer_prg.o
 .bss           0x00000000        0x0 MCAL/TIMER/timer_prg.o
 .text.M_Timer0_voidTimerStop
                0x00000000        0xc MCAL/TIMER/timer_prg.o
 .text.M_Timer0_voidSetPreload
                0x00000000        0x4 MCAL/TIMER/timer_prg.o
 .text.M_Timer0_voidSetCompareMatch
                0x00000000        0x4 MCAL/TIMER/timer_prg.o
 .text.M_Timer0_voidSetCallBack
                0x00000000       0x1e MCAL/TIMER/timer_prg.o
 .text.M_Timer0_voidInterruptEnable
                0x00000000       0x1a MCAL/TIMER/timer_prg.o
 .text.M_Timer0_voidInterruptDisable
                0x00000000       0x1a MCAL/TIMER/timer_prg.o
 .text.M_Timer1_voidInit
                0x00000000        0x2 MCAL/TIMER/timer_prg.o
 .text.M_ICU_voidInit
                0x00000000        0x2 MCAL/TIMER/timer_prg.o
 .text.M_ICU_voidReadInputValue
                0x00000000        0x2 MCAL/TIMER/timer_prg.o
 .text.M_ICU_voidSetTrigger
                0x00000000        0x2 MCAL/TIMER/timer_prg.o
 .text.M_ICU_voidEnableInt
                0x00000000        0x2 MCAL/TIMER/timer_prg.o
 .text.M_ICU_voidDisableInt
                0x00000000        0x2 MCAL/TIMER/timer_prg.o
 .text          0x00000000        0x0 MCAL/USART/USART.o
 .bss           0x00000000        0x0 MCAL/USART/USART.o
 .text.M_USART_voidInit
                0x00000000        0x2 MCAL/USART/USART.o
 .text.M_USART_sendChar
                0x00000000        0x2 MCAL/USART/USART.o
 .text.M_USART_recieveChar
                0x00000000        0x2 MCAL/USART/USART.o
 .text.M_USART_sendString
                0x00000000        0x2 MCAL/USART/USART.o
 .text          0x00000000        0x0 c:/program files (x86)/atmel/atmel toolchain/avr8 gcc/native/3.4.2.1002/avr8-gnu-toolchain/bin/../lib/gcc/avr/4.7.2/avr5\libgcc.a(_udivmodsi4.o)
 .bss           0x00000000        0x0 c:/program files (x86)/atmel/atmel toolchain/avr8 gcc/native/3.4.2.1002/avr8-gnu-toolchain/bin/../lib/gcc/avr/4.7.2/avr5\libgcc.a(_udivmodsi4.o)
 .text.libgcc.mul
                0x00000000        0x0 c:/program files (x86)/atmel/atmel toolchain/avr8 gcc/native/3.4.2.1002/avr8-gnu-toolchain/bin/../lib/gcc/avr/4.7.2/avr5\libgcc.a(_udivmodsi4.o)
 .text.libgcc.div
                0x00000000       0x44 c:/program files (x86)/atmel/atmel toolchain/avr8 gcc/native/3.4.2.1002/avr8-gnu-toolchain/bin/../lib/gcc/avr/4.7.2/avr5\libgcc.a(_udivmodsi4.o)
 .text.libgcc   0x00000000        0x0 c:/program files (x86)/atmel/atmel toolchain/avr8 gcc/native/3.4.2.1002/avr8-gnu-toolchain/bin/../lib/gcc/avr/4.7.2/avr5\libgcc.a(_udivmodsi4.o)
 .text.libgcc.prologue
                0x00000000        0x0 c:/program files (x86)/atmel/atmel toolchain/avr8 gcc/native/3.4.2.1002/avr8-gnu-toolchain/bin/../lib/gcc/avr/4.7.2/avr5\libgcc.a(_udivmodsi4.o)
 .text.libgcc.builtins
                0x00000000        0x0 c:/program files (x86)/atmel/atmel toolchain/avr8 gcc/native/3.4.2.1002/avr8-gnu-toolchain/bin/../lib/gcc/avr/4.7.2/avr5\libgcc.a(_udivmodsi4.o)
 .text.libgcc.fmul
                0x00000000        0x0 c:/program files (x86)/atmel/atmel toolchain/avr8 gcc/native/3.4.2.1002/avr8-gnu-toolchain/bin/../lib/gcc/avr/4.7.2/avr5\libgcc.a(_udivmodsi4.o)
 .text          0x00000000        0x0 c:/program files (x86)/atmel/atmel toolchain/avr8 gcc/native/3.4.2.1002/avr8-gnu-toolchain/bin/../lib/gcc/avr/4.7.2/avr5\libgcc.a(_divmodsi4.o)
 .bss           0x00000000        0x0 c:/program files (x86)/atmel/atmel toolchain/avr8 gcc/native/3.4.2.1002/avr8-gnu-toolchain/bin/../lib/gcc/avr/4.7.2/avr5\libgcc.a(_divmodsi4.o)
 .text.libgcc.mul
                0x00000000        0x0 c:/program files (x86)/atmel/atmel toolchain/avr8 gcc/native/3.4.2.1002/avr8-gnu-toolchain/bin/../lib/gcc/avr/4.7.2/avr5\libgcc.a(_divmodsi4.o)
 .text.libgcc.div
                0x00000000       0x38 c:/program files (x86)/atmel/atmel toolchain/avr8 gcc/native/3.4.2.1002/avr8-gnu-toolchain/bin/../lib/gcc/avr/4.7.2/avr5\libgcc.a(_divmodsi4.o)
 .text.libgcc   0x00000000        0x0 c:/program files (x86)/atmel/atmel toolchain/avr8 gcc/native/3.4.2.1002/avr8-gnu-toolchain/bin/../lib/gcc/avr/4.7.2/avr5\libgcc.a(_divmodsi4.o)
 .text.libgcc.prologue
                0x00000000        0x0 c:/program files (x86)/atmel/atmel toolchain/avr8 gcc/native/3.4.2.1002/avr8-gnu-toolchain/bin/../lib/gcc/avr/4.7.2/avr5\libgcc.a(_divmodsi4.o)
 .text.libgcc.builtins
                0x00000000        0x0 c:/program files (x86)/atmel/atmel toolchain/avr8 gcc/native/3.4.2.1002/avr8-gnu-toolchain/bin/../lib/gcc/avr/4.7.2/avr5\libgcc.a(_divmodsi4.o)
 .text.libgcc.fmul
                0x00000000        0x0 c:/program files (x86)/atmel/atmel toolchain/avr8 gcc/native/3.4.2.1002/avr8-gnu-toolchain/bin/../lib/gcc/avr/4.7.2/avr5\libgcc.a(_divmodsi4.o)
 .text          0x00000000        0x0 c:/program files (x86)/atmel/atmel toolchain/avr8 gcc/native/3.4.2.1002/avr8-gnu-toolchain/bin/../lib/gcc/avr/4.7.2/avr5\libgcc.a(_exit.o)
 .bss           0x00000000        0x0 c:/program files (x86)/atmel/atmel toolchain/avr8 gcc/native/3.4.2.1002/avr8-gnu-toolchain/bin/../lib/gcc/avr/4.7.2/avr5\libgcc.a(_exit.o)
 .text.libgcc.mul
                0x00000000        0x0 c:/program files (x86)/atmel/atmel toolchain/avr8 gcc/native/3.4.2.1002/avr8-gnu-toolchain/bin/../lib/gcc/avr/4.7.2/avr5\libgcc.a(_exit.o)
 .text.libgcc.div
                0x00000000        0x0 c:/program files (x86)/atmel/atmel toolchain/avr8 gcc/native/3.4.2.1002/avr8-gnu-toolchain/bin/../lib/gcc/avr/4.7.2/avr5\libgcc.a(_exit.o)
 .text.libgcc   0x00000000        0x0 c:/program files (x86)/atmel/atmel toolchain/avr8 gcc/native/3.4.2.1002/avr8-gnu-toolchain/bin/../lib/gcc/avr/4.7.2/avr5\libgcc.a(_exit.o)
 .text.libgcc.prologue
                0x00000000        0x0 c:/program files (x86)/atmel/atmel toolchain/avr8 gcc/native/3.4.2.1002/avr8-gnu-toolchain/bin/../lib/gcc/avr/4.7.2/avr5\libgcc.a(_exit.o)
 .text.libgcc.builtins
                0x00000000        0x0 c:/program files (x86)/atmel/atmel toolchain/avr8 gcc/native/3.4.2.1002/avr8-gnu-toolchain/bin/../lib/gcc/avr/4.7.2/avr5\libgcc.a(_exit.o)
 .text.libgcc.fmul
                0x00000000        0x0 c:/program files (x86)/atmel/atmel toolchain/avr8 gcc/native/3.4.2.1002/avr8-gnu-toolchain/bin/../lib/gcc/avr/4.7.2/avr5\libgcc.a(_exit.o)
 .text          0x00000000        0x0 c:/program files (x86)/atmel/atmel toolchain/avr8 gcc/native/3.4.2.1002/avr8-gnu-toolchain/bin/../lib/gcc/avr/4.7.2/avr5\libgcc.a(_copy_data.o)
 .bss           0x00000000        0x0 c:/program files (x86)/atmel/atmel toolchain/avr8 gcc/native/3.4.2.1002/avr8-gnu-toolchain/bin/../lib/gcc/avr/4.7.2/avr5\libgcc.a(_copy_data.o)
 .text.libgcc.mul
                0x00000000        0x0 c:/program files (x86)/atmel/atmel toolchain/avr8 gcc/native/3.4.2.1002/avr8-gnu-toolchain/bin/../lib/gcc/avr/4.7.2/avr5\libgcc.a(_copy_data.o)
 .text.libgcc.div
                0x00000000        0x0 c:/program files (x86)/atmel/atmel toolchain/avr8 gcc/native/3.4.2.1002/avr8-gnu-toolchain/bin/../lib/gcc/avr/4.7.2/avr5\libgcc.a(_copy_data.o)
 .text.libgcc   0x00000000        0x0 c:/program files (x86)/atmel/atmel toolchain/avr8 gcc/native/3.4.2.1002/avr8-gnu-toolchain/bin/../lib/gcc/avr/4.7.2/avr5\libgcc.a(_copy_data.o)
 .text.libgcc.prologue
                0x00000000        0x0 c:/program files (x86)/atmel/atmel toolchain/avr8 gcc/native/3.4.2.1002/avr8-gnu-toolchain/bin/../lib/gcc/avr/4.7.2/avr5\libgcc.a(_copy_data.o)
 .text.libgcc.builtins
                0x00000000        0x0 c:/program files (x86)/atmel/atmel toolchain/avr8 gcc/native/3.4.2.1002/avr8-gnu-toolchain/bin/../lib/gcc/avr/4.7.2/avr5\libgcc.a(_copy_data.o)
 .text.libgcc.fmul
                0x00000000        0x0 c:/program files (x86)/atmel/atmel toolchain/avr8 gcc/native/3.4.2.1002/avr8-gnu-toolchain/bin/../lib/gcc/avr/4.7.2/avr5\libgcc.a(_copy_data.o)
 .text          0x00000000        0x0 c:/program files (x86)/atmel/atmel toolchain/avr8 gcc/native/3.4.2.1002/avr8-gnu-toolchain/bin/../lib/gcc/avr/4.7.2/avr5\libgcc.a(_clear_bss.o)
 .bss           0x00000000        0x0 c:/program files (x86)/atmel/atmel toolchain/avr8 gcc/native/3.4.2.1002/avr8-gnu-toolchain/bin/../lib/gcc/avr/4.7.2/avr5\libgcc.a(_clear_bss.o)
 .text.libgcc.mul
                0x00000000        0x0 c:/program files (x86)/atmel/atmel toolchain/avr8 gcc/native/3.4.2.1002/avr8-gnu-toolchain/bin/../lib/gcc/avr/4.7.2/avr5\libgcc.a(_clear_bss.o)
 .text.libgcc.div
                0x00000000        0x0 c:/program files (x86)/atmel/atmel toolchain/avr8 gcc/native/3.4.2.1002/avr8-gnu-toolchain/bin/../lib/gcc/avr/4.7.2/avr5\libgcc.a(_clear_bss.o)
 .text.libgcc   0x00000000        0x0 c:/program files (x86)/atmel/atmel toolchain/avr8 gcc/native/3.4.2.1002/avr8-gnu-toolchain/bin/../lib/gcc/avr/4.7.2/avr5\libgcc.a(_clear_bss.o)
 .text.libgcc.prologue
                0x00000000        0x0 c:/program files (x86)/atmel/atmel toolchain/avr8 gcc/native/3.4.2.1002/avr8-gnu-toolchain/bin/../lib/gcc/avr/4.7.2/avr5\libgcc.a(_clear_bss.o)
 .text.libgcc.builtins
                0x00000000        0x0 c:/program files (x86)/atmel/atmel toolchain/avr8 gcc/native/3.4.2.1002/avr8-gnu-toolchain/bin/../lib/gcc/avr/4.7.2/avr5\libgcc.a(_clear_bss.o)
 .text.libgcc.fmul
                0x00000000        0x0 c:/program files (x86)/atmel/atmel toolchain/avr8 gcc/native/3.4.2.1002/avr8-gnu-toolchain/bin/../lib/gcc/avr/4.7.2/avr5\libgcc.a(_clear_bss.o)
 .text          0x00000000        0x0 c:/program files (x86)/atmel/atmel toolchain/avr8 gcc/native/3.4.2.1002/avr8-gnu-toolchain/bin/../lib/gcc/avr/4.7.2/avr5\libgcc.a(_umulhisi3.o)
 .bss           0x00000000        0x0 c:/program files (x86)/atmel/atmel toolchain/avr8 gcc/native/3.4.2.1002/avr8-gnu-toolchain/bin/../lib/gcc/avr/4.7.2/avr5\libgcc.a(_umulhisi3.o)
 .text.libgcc.div
                0x00000000        0x0 c:/program files (x86)/atmel/atmel toolchain/avr8 gcc/native/3.4.2.1002/avr8-gnu-toolchain/bin/../lib/gcc/avr/4.7.2/avr5\libgcc.a(_umulhisi3.o)
 .text.libgcc   0x00000000        0x0 c:/program files (x86)/atmel/atmel toolchain/avr8 gcc/native/3.4.2.1002/avr8-gnu-toolchain/bin/../lib/gcc/avr/4.7.2/avr5\libgcc.a(_umulhisi3.o)
 .text.libgcc.prologue
                0x00000000        0x0 c:/program files (x86)/atmel/atmel toolchain/avr8 gcc/native/3.4.2.1002/avr8-gnu-toolchain/bin/../lib/gcc/avr/4.7.2/avr5\libgcc.a(_umulhisi3.o)
 .text.libgcc.builtins
                0x00000000        0x0 c:/program files (x86)/atmel/atmel toolchain/avr8 gcc/native/3.4.2.1002/avr8-gnu-toolchain/bin/../lib/gcc/avr/4.7.2/avr5\libgcc.a(_umulhisi3.o)
 .text.libgcc.fmul
                0x00000000        0x0 c:/program files (x86)/atmel/atmel toolchain/avr8 gcc/native/3.4.2.1002/avr8-gnu-toolchain/bin/../lib/gcc/avr/4.7.2/avr5\libgcc.a(_umulhisi3.o)

Memory Configuration

Name             Origin             Length             Attributes
text             0x00000000         0x00020000         xr
data             0x00800060         0x0000ffa0         rw !x
eeprom           0x00810000         0x00010000         rw !x
fuse             0x00820000         0x00000400         rw !x
lock             0x00830000         0x00000400         rw !x
signature        0x00840000         0x00000400         rw !x
user_signatures  0x00850000         0x00000400         rw !x
*default*        0x00000000         0xffffffff

Linker script and memory map

LOAD c:/program files (x86)/atmel/atmel toolchain/avr8 gcc/native/3.4.2.1002/avr8-gnu-toolchain/bin/../lib/gcc/avr/4.7.2/../../../../avr/lib/avr5/crtm32.o
LOAD APP/App.o
LOAD APP/main.o
LOAD APP/Password/Password.o
LOAD HAL/BUZZER/Buzzer.o
LOAD HAL/DC_MOTOR/DC_MOTOR.o
LOAD HAL/KEYPAD/KeyPad.o
LOAD HAL/LCD/Lcd.o
LOAD HAL/LED/Led.o
LOAD HAL/PUSHBUTTON/PushButton.o
LOAD HAL/SSG/Ssd.o
LOAD HAL/TMPSENSOR/TempSensor.o
LOAD MCAL/ADC/Adc.o
LOAD MCAL/DIO/Dio.o
LOAD MCAL/GIE/GIE.o
LOAD MCAL/INTERRUPT/ExtInt.o
LOAD MCAL/TIMER/timer_prg.o
LOAD MCAL/USART/USART.o
START GROUP
LOAD c:/program files (x86)/atmel/atmel toolchain/avr8 gcc/native/3.4.2.1002/avr8-gnu-toolchain/bin/../lib/gcc/avr/4.7.2/../../../../avr/lib/avr5\libm.a
END GROUP
LOAD c:/program files (x86)/atmel/atmel toolchain/avr8 gcc/native/3.4.2.1002/avr8-gnu-toolchain/bin/../lib/gcc/avr/4.7.2/avr5\libgcc.a
LOAD c:/program files (x86)/atmel/atmel toolchain/avr8 gcc/native/3.4.2.1002/avr8-gnu-toolchain/bin/../lib/gcc/avr/4.7.2/../../../../avr/lib/avr5\libc.a
LOAD c:/program files (x86)/atmel/atmel toolchain/avr8 gcc/native/3.4.2.1002/avr8-gnu-toolchain/bin/../lib/gcc/avr/4.7.2/avr5\libgcc.a

.hash
 *(.hash)

.dynsym
 *(.dynsym)

.dynstr
 *(.dynstr)

.gnu.version
 *(.gnu.version)

.gnu.version_d
 *(.gnu.version_d)

.gnu.version_r
 *(.gnu.version_r)

.rel.init
 *(.rel.init)

.rela.init
 *(.rela.init)

.rel.text
 *(.rel.text)
 *(.rel.text.*)
 *(.rel.gnu.linkonce.t*)

.rela.text
 *(.rela.text)
 *(.rela.text.*)
 *(.rela.gnu.linkonce.t*)

.rel.fini
 *(.rel.fini)

.rela.fini
 *(.rela.fini)

.rel.rodata
 *(.rel.rodata)
 *(.rel.rodata.*)
 *(.rel.gnu.linkonce.r*)

.rela.rodata
 *(.rela.rodata)
 *(.rela.rodata.*)
 *(.rela.gnu.linkonce.r*)

.rel.data
 *(.rel.data)
 *(.rel.data.*)
 *(.rel.gnu.linkonce.d*)

.rela.data
 *(.rela.data)
 *(.rela.data.*)
 *(.rela.gnu.linkonce.d*)

.rel.ctors
 *(.rel.ctors)

.rela.ctors
 *(.rela.ctors)

.rel.dtors
 *(.rel.dtors)

.rela.dtors
 *(.rela.dtors)

.rel.got
 *(.rel.got)

.rela.got
 *(.rela.got)

.rel.bss
 *(.rel.bss)

.rela.bss
 *(.rela.bss)

.rel.plt
 *(.rel.plt)

.rela.plt
 *(.rela.plt)

.text           0x00000000      0x3ac
 *(.vectors)
 .vectors       0x00000000       0x54 c:/program files (x86)/atmel/atmel toolchain/avr8 gcc/native/3.4.2.1002/avr8-gnu-toolchain/bin/../lib/gcc/avr/4.7.2/../../../../avr/lib/avr5/crtm32.o
                0x00000000                __vector_default
                0x00000000                __vectors
 *(.vectors)
 *(.progmem.gcc*)
 *(.progmem*)
                0x00000054                . = ALIGN (0x2)
                0x00000054                __trampolines_start = .
 *(.trampolines)
 .trampolines   0x00000054        0x0 linker stubs
 *(.trampolines*)
                0x00000054                __trampolines_end = .
 *(.jumptables)
 *(.jumptables*)
 *(.lowtext)
 *(.lowtext*)
                0x00000054                __ctors_start = .
 *(.ctors)
                0x00000054                __ctors_end = .
                0x00000054                __dtors_start = .
 *(.dtors)
                0x00000054                __dtors_end = .
 SORT(*)(.ctors)
 SORT(*)(.dtors)
 *(.init0)
 .init0         0x00000054        0x0 c:/program files (x86)/atmel/atmel toolchain/avr8 gcc/native/3.4.2.1002/avr8-gnu-toolchain/bin/../lib/gcc/avr/4.7.2/../../../../avr/lib/avr5/crtm32.o
                0x00000054                __init
 *(.init0)
 *(.init1)
 *(.init1)
 *(.init2)
 .init2         0x00000054        0xc c:/program files (x86)/atmel/atmel toolchain/avr8 gcc/native/3.4.2.1002/avr8-gnu-toolchain/bin/../lib/gcc/avr/4.7.2/../../../../avr/lib/avr5/crtm32.o
 *(.init2)
 *(.init3)
 *(.init3)
 *(.init4)
 .init4         0x00000060       0x16 c:/program files (x86)/atmel/atmel toolchain/avr8 gcc/native/3.4.2.1002/avr8-gnu-toolchain/bin/../lib/gcc/avr/4.7.2/avr5\libgcc.a(_copy_data.o)
                0x00000060                __do_copy_data
 .init4         0x00000076       0x10 c:/program files (x86)/atmel/atmel toolchain/avr8 gcc/native/3.4.2.1002/avr8-gnu-toolchain/bin/../lib/gcc/avr/4.7.2/avr5\libgcc.a(_clear_bss.o)
                0x00000076                __do_clear_bss
 *(.init4)
 *(.init5)
 *(.init5)
 *(.init6)
 *(.init6)
 *(.init7)
 *(.init7)
 *(.init8)
 *(.init8)
 *(.init9)
 .init9         0x00000086        0x8 c:/program files (x86)/atmel/atmel toolchain/avr8 gcc/native/3.4.2.1002/avr8-gnu-toolchain/bin/../lib/gcc/avr/4.7.2/../../../../avr/lib/avr5/crtm32.o
 *(.init9)
 *(.text)
 .text          0x0000008e        0x4 c:/program files (x86)/atmel/atmel toolchain/avr8 gcc/native/3.4.2.1002/avr8-gnu-toolchain/bin/../lib/gcc/avr/4.7.2/../../../../avr/lib/avr5/crtm32.o
                0x0000008e                __vector_12
                0x0000008e                __bad_interrupt
                0x0000008e                __vector_6
                0x0000008e                __vector_3
                0x0000008e                __vector_13
                0x0000008e                __vector_17
                0x0000008e                __vector_19
                0x0000008e                __vector_7
                0x0000008e                __vector_5
                0x0000008e                __vector_4
                0x0000008e                __vector_9
                0x0000008e                __vector_2
                0x0000008e                __vector_15
                0x0000008e                __vector_8
                0x0000008e                __vector_14
                0x0000008e                __vector_16
                0x0000008e                __vector_18
                0x0000008e                __vector_20
                0x00000092                . = ALIGN (0x2)
 *(.text.*)
 .text.main     0x00000092       0x7a APP/main.o
                0x00000092                main
 .text.M_Dio_PinMode
                0x0000010c      0x13c MCAL/DIO/Dio.o
                0x0000010c                M_Dio_PinMode
 .text.__vector_1
                0x00000248       0x4e MCAL/INTERRUPT/ExtInt.o
                0x00000248                __vector_1
 .text.M_Timer0_voidInit
                0x00000296       0x1a MCAL/TIMER/timer_prg.o
                0x00000296                M_Timer0_voidInit
 .text.M_Timer0_voidTimerStart
                0x000002b0        0xe MCAL/TIMER/timer_prg.o
                0x000002b0                M_Timer0_voidTimerStart
 .text.M_Timer0_voidSetPWM
                0x000002be       0x2e MCAL/TIMER/timer_prg.o
                0x000002be                M_Timer0_voidSetPWM
 .text.__vector_11
                0x000002ec       0x52 MCAL/TIMER/timer_prg.o
                0x000002ec                __vector_11
 .text.__vector_10
                0x0000033e       0x52 MCAL/TIMER/timer_prg.o
                0x0000033e                __vector_10
 .text.libgcc.mul
                0x00000390       0x18 c:/program files (x86)/atmel/atmel toolchain/avr8 gcc/native/3.4.2.1002/avr8-gnu-toolchain/bin/../lib/gcc/avr/4.7.2/avr5\libgcc.a(_umulhisi3.o)
                0x00000390                __umulhisi3
                0x000003a8                . = ALIGN (0x2)
 *(.fini9)
 .fini9         0x000003a8        0x0 c:/program files (x86)/atmel/atmel toolchain/avr8 gcc/native/3.4.2.1002/avr8-gnu-toolchain/bin/../lib/gcc/avr/4.7.2/avr5\libgcc.a(_exit.o)
                0x000003a8                _exit
                0x000003a8                exit
 *(.fini9)
 *(.fini8)
 *(.fini8)
 *(.fini7)
 *(.fini7)
 *(.fini6)
 *(.fini6)
 *(.fini5)
 *(.fini5)
 *(.fini4)
 *(.fini4)
 *(.fini3)
 *(.fini3)
 *(.fini2)
 *(.fini2)
 *(.fini1)
 *(.fini1)
 *(.fini0)
 .fini0         0x000003a8        0x4 c:/program files (x86)/atmel/atmel toolchain/avr8 gcc/native/3.4.2.1002/avr8-gnu-toolchain/bin/../lib/gcc/avr/4.7.2/avr5\libgcc.a(_exit.o)
 *(.fini0)
                0x000003ac                _etext = .

.data           0x00800060        0x0 load address 0x000003ac
                0x00800060                PROVIDE (__data_start, .)
 *(.data)
 .data          0x00800060        0x0 c:/program files (x86)/atmel/atmel toolchain/avr8 gcc/native/3.4.2.1002/avr8-gnu-toolchain/bin/../lib/gcc/avr/4.7.2/../../../../avr/lib/avr5/crtm32.o
 .data          0x00800060        0x0 APP/App.o
 .data          0x00800060        0x0 APP/main.o
 .data          0x00800060        0x0 APP/Password/Password.o
 .data          0x00800060        0x0 HAL/BUZZER/Buzzer.o
 .data          0x00800060        0x0 HAL/DC_MOTOR/DC_MOTOR.o
 .data          0x00800060        0x0 HAL/KEYPAD/KeyPad.o
 .data          0x00800060        0x0 HAL/LCD/Lcd.o
 .data          0x00800060        0x0 HAL/LED/Led.o
 .data          0x00800060        0x0 HAL/PUSHBUTTON/PushButton.o
 .data          0x00800060        0x0 HAL/SSG/Ssd.o
 .data          0x00800060        0x0 HAL/TMPSENSOR/TempSensor.o
 .data          0x00800060        0x0 MCAL/ADC/Adc.o
 .data          0x00800060        0x0 MCAL/DIO/Dio.o
 .data          0x00800060        0x0 MCAL/GIE/GIE.o
 .data          0x00800060        0x0 MCAL/INTERRUPT/ExtInt.o
 .data          0x00800060        0x0 MCAL/TIMER/timer_prg.o
 .data          0x00800060        0x0 MCAL/USART/USART.o
 .data          0x00800060        0x0 c:/program files (x86)/atmel/atmel toolchain/avr8 gcc/native/3.4.2.1002/avr8-gnu-toolchain/bin/../lib/gcc/avr/4.7.2/avr5\libgcc.a(_udivmodsi4.o)
 .data          0x00800060        0x0 c:/program files (x86)/atmel/atmel toolchain/avr8 gcc/native/3.4.2.1002/avr8-gnu-toolchain/bin/../lib/gcc/avr/4.7.2/avr5\libgcc.a(_divmodsi4.o)
 .data          0x00800060        0x0 c:/program files (x86)/atmel/atmel toolchain/avr8 gcc/native/3.4.2.1002/avr8-gnu-toolchain/bin/../lib/gcc/avr/4.7.2/avr5\libgcc.a(_exit.o)
 .data          0x00800060        0x0 c:/program files (x86)/atmel/atmel toolchain/avr8 gcc/native/3.4.2.1002/avr8-gnu-toolchain/bin/../lib/gcc/avr/4.7.2/avr5\libgcc.a(_copy_data.o)
 .data          0x00800060        0x0 c:/program files (x86)/atmel/atmel toolchain/avr8 gcc/native/3.4.2.1002/avr8-gnu-toolchain/bin/../lib/gcc/avr/4.7.2/avr5\libgcc.a(_clear_bss.o)
 .data          0x00800060        0x0 c:/program files (x86)/atmel/atmel toolchain/avr8 gcc/native/3.4.2.1002/avr8-gnu-toolchain/bin/../lib/gcc/avr/4.7.2/avr5\libgcc.a(_umulhisi3.o)
 *(.data*)
 *(.rodata)
 *(.rodata*)
 *(.gnu.linkonce.d*)
                0x00800060                . = ALIGN (0x2)
                0x00800060                _edata = .
                0x00800060                PROVIDE (__data_end, .)

.bss            0x00800060        0x6
                0x00800060                PROVIDE (__bss_start, .)
 *(.bss)
 *(.bss*)
 .bss.pv_callBackArr
                0x00800060        0x4 MCAL/TIMER/timer_prg.o
                0x00800060                pv_callBackArr
 *(COMMON)
 COMMON         0x00800064        0x2 MCAL/INTERRUPT/ExtInt.o
                0x00800064                CallBack
                0x00800066                PROVIDE (__bss_end, .)
                0x000003ac                __data_load_start = LOADADDR (.data)
                0x000003ac                __data_load_end = (__data_load_start + SIZEOF (.data))

.noinit         0x00800066        0x0
                0x00800066                PROVIDE (__noinit_start, .)
 *(.noinit*)
                0x00800066                PROVIDE (__noinit_end, .)
                0x00800066                _end = .
                0x00800066                PROVIDE (__heap_start, .)

.eeprom         0x00810000        0x0
 *(.eeprom*)
                0x00810000                __eeprom_end = .

.fuse
 *(.fuse)
 *(.lfuse)
 *(.hfuse)
 *(.efuse)

.lock
 *(.lock*)

.signature
 *(.signature*)

.user_signatures
 *(.user_signatures*)

.stab           0x00000000      0x6cc
 *(.stab)
 .stab          0x00000000      0x6cc c:/program files (x86)/atmel/atmel toolchain/avr8 gcc/native/3.4.2.1002/avr8-gnu-toolchain/bin/../lib/gcc/avr/4.7.2/../../../../avr/lib/avr5/crtm32.o

.stabstr        0x00000000       0x97
 *(.stabstr)
 .stabstr       0x00000000       0x97 c:/program files (x86)/atmel/atmel toolchain/avr8 gcc/native/3.4.2.1002/avr8-gnu-toolchain/bin/../lib/gcc/avr/4.7.2/../../../../avr/lib/avr5/crtm32.o

.stab.excl
 *(.stab.excl)

.stab.exclstr
 *(.stab.exclstr)

.stab.index
 *(.stab.index)

.stab.indexstr
 *(.stab.indexstr)

.comment        0x00000000       0x2f
 *(.comment)
 .comment       0x00000000       0x2f APP/App.o
                                 0x30 (size before relaxing)
 .comment       0x00000000       0x30 APP/main.o
 .comment       0x00000000       0x30 APP/Password/Password.o
 .comment       0x00000000       0x30 HAL/BUZZER/Buzzer.o
 .comment       0x00000000       0x30 HAL/DC_MOTOR/DC_MOTOR.o
 .comment       0x00000000       0x30 HAL/KEYPAD/KeyPad.o
 .comment       0x00000000       0x30 HAL/LCD/Lcd.o
 .comment       0x00000000       0x30 HAL/LED/Led.o
 .comment       0x00000000       0x30 HAL/PUSHBUTTON/PushButton.o
 .comment       0x00000000       0x30 HAL/SSG/Ssd.o
 .comment       0x00000000       0x30 HAL/TMPSENSOR/TempSensor.o
 .comment       0x00000000       0x30 MCAL/ADC/Adc.o
 .comment       0x00000000       0x30 MCAL/DIO/Dio.o
 .comment       0x00000000       0x30 MCAL/GIE/GIE.o
 .comment       0x00000000       0x30 MCAL/INTERRUPT/ExtInt.o
 .comment       0x00000000       0x30 MCAL/TIMER/timer_prg.o
 .comment       0x00000000       0x30 MCAL/USART/USART.o

.debug
 *(.debug)

.line
 *(.line)

.debug_srcinfo
 *(.debug_srcinfo)

.debug_sfnames
 *(.debug_sfnames)

.debug_aranges  0x00000000      0x3d8
 *(.debug_aranges)
 .debug_aranges
                0x00000000       0x20 APP/main.o
 .debug_aranges
                0x00000020       0x20 APP/Password/Password.o
 .debug_aranges
                0x00000040       0x58 HAL/BUZZER/Buzzer.o
 .debug_aranges
                0x00000098       0x40 HAL/DC_MOTOR/DC_MOTOR.o
 .debug_aranges
                0x000000d8       0x28 HAL/KEYPAD/KeyPad.o
 .debug_aranges
                0x00000100       0x58 HAL/LCD/Lcd.o
 .debug_aranges
                0x00000158       0x48 HAL/LED/Led.o
 .debug_aranges
                0x000001a0       0x28 HAL/PUSHBUTTON/PushButton.o
 .debug_aranges
                0x000001c8       0x48 HAL/SSG/Ssd.o
 .debug_aranges
                0x00000210       0x28 HAL/TMPSENSOR/TempSensor.o
 .debug_aranges
                0x00000238       0x28 MCAL/ADC/Adc.o
 .debug_aranges
                0x00000260       0x48 MCAL/DIO/Dio.o
 .debug_aranges
                0x000002a8       0x28 MCAL/GIE/GIE.o
 .debug_aranges
                0x000002d0       0x30 MCAL/INTERRUPT/ExtInt.o
 .debug_aranges
                0x00000300       0xa0 MCAL/TIMER/timer_prg.o
 .debug_aranges
                0x000003a0       0x38 MCAL/USART/USART.o

.debug_pubnames
 *(.debug_pubnames)

.debug_info     0x00000000     0x3537
 *(.debug_info)
 .debug_info    0x00000000      0x2d8 APP/main.o
 .debug_info    0x000002d8      0x18e APP/Password/Password.o
 .debug_info    0x00000466      0x41a HAL/BUZZER/Buzzer.o
 .debug_info    0x00000880      0x2a8 HAL/DC_MOTOR/DC_MOTOR.o
 .debug_info    0x00000b28      0x397 HAL/KEYPAD/KeyPad.o
 .debug_info    0x00000ebf      0x885 HAL/LCD/Lcd.o
 .debug_info    0x00001744      0x59d HAL/LED/Led.o
 .debug_info    0x00001ce1      0x3c0 HAL/PUSHBUTTON/PushButton.o
 .debug_info    0x000020a1      0xb43 HAL/SSG/Ssd.o
 .debug_info    0x00002be4       0xfa HAL/TMPSENSOR/TempSensor.o
 .debug_info    0x00002cde       0xa7 MCAL/ADC/Adc.o
 .debug_info    0x00002d85      0x231 MCAL/DIO/Dio.o
 .debug_info    0x00002fb6       0x8e MCAL/GIE/GIE.o
 .debug_info    0x00003044      0x106 MCAL/INTERRUPT/ExtInt.o
 .debug_info    0x0000314a      0x2e7 MCAL/TIMER/timer_prg.o
 .debug_info    0x00003431      0x106 MCAL/USART/USART.o
 *(.gnu.linkonce.wi.*)

.debug_abbrev   0x00000000      0xf14
 *(.debug_abbrev)
 .debug_abbrev  0x00000000      0x134 APP/main.o
 .debug_abbrev  0x00000134       0xdd APP/Password/Password.o
 .debug_abbrev  0x00000211      0x121 HAL/BUZZER/Buzzer.o
 .debug_abbrev  0x00000332       0xd6 HAL/DC_MOTOR/DC_MOTOR.o
 .debug_abbrev  0x00000408      0x16c HAL/KEYPAD/KeyPad.o
 .debug_abbrev  0x00000574      0x19e HAL/LCD/Lcd.o
 .debug_abbrev  0x00000712      0x11c HAL/LED/Led.o
 .debug_abbrev  0x0000082e      0x15a HAL/PUSHBUTTON/PushButton.o
 .debug_abbrev  0x00000988      0x166 HAL/SSG/Ssd.o
 .debug_abbrev  0x00000aee       0xa2 HAL/TMPSENSOR/TempSensor.o
 .debug_abbrev  0x00000b90       0x60 MCAL/ADC/Adc.o
 .debug_abbrev  0x00000bf0       0xb8 MCAL/DIO/Dio.o
 .debug_abbrev  0x00000ca8       0x39 MCAL/GIE/GIE.o
 .debug_abbrev  0x00000ce1       0xc0 MCAL/INTERRUPT/ExtInt.o
 .debug_abbrev  0x00000da1       0xd4 MCAL/TIMER/timer_prg.o
 .debug_abbrev  0x00000e75       0x9f MCAL/USART/USART.o

.debug_line     0x00000000     0x17cd
 *(.debug_line)
 .debug_line    0x00000000        0x0 APP/App.o
 .debug_line    0x00000000      0x1ff APP/main.o
 .debug_line    0x000001ff      0x1bc APP/Password/Password.o
 .debug_line    0x000003bb      0x249 HAL/BUZZER/Buzzer.o
 .debug_line    0x00000604       0xd8 HAL/DC_MOTOR/DC_MOTOR.o
 .debug_line    0x000006dc      0x1e6 HAL/KEYPAD/KeyPad.o
 .debug_line    0x000008c2      0x2fb HAL/LCD/Lcd.o
 .debug_line    0x00000bbd      0x246 HAL/LED/Led.o
 .debug_line    0x00000e03      0x20b HAL/PUSHBUTTON/PushButton.o
 .debug_line    0x0000100e      0x293 HAL/SSG/Ssd.o
 .debug_line    0x000012a1       0x82 HAL/TMPSENSOR/TempSensor.o
 .debug_line    0x00001323       0x74 MCAL/ADC/Adc.o
 .debug_line    0x00001397       0xe1 MCAL/DIO/Dio.o
 .debug_line    0x00001478       0x4f MCAL/GIE/GIE.o
 .debug_line    0x000014c7      0x115 MCAL/INTERRUPT/ExtInt.o
 .debug_line    0x000015dc      0x172 MCAL/TIMER/timer_prg.o
 .debug_line    0x0000174e       0x7f MCAL/USART/USART.o

.debug_frame    0x00000000      0x7c4
 *(.debug_frame)
 .debug_frame   0x00000000       0x24 APP/main.o
 .debug_frame   0x00000024       0x24 APP/Password/Password.o
 .debug_frame   0x00000048       0x94 HAL/BUZZER/Buzzer.o
 .debug_frame   0x000000dc       0x84 HAL/DC_MOTOR/DC_MOTOR.o
 .debug_frame   0x00000160       0x68 HAL/KEYPAD/KeyPad.o
 .debug_frame   0x000001c8      0x10c HAL/LCD/Lcd.o
 .debug_frame   0x000002d4       0x74 HAL/LED/Led.o
 .debug_frame   0x00000348       0x34 HAL/PUSHBUTTON/PushButton.o
 .debug_frame   0x0000037c       0xa4 HAL/SSG/Ssd.o
 .debug_frame   0x00000420       0x34 HAL/TMPSENSOR/TempSensor.o
 .debug_frame   0x00000454       0x34 MCAL/ADC/Adc.o
 .debug_frame   0x00000488       0x74 MCAL/DIO/Dio.o
 .debug_frame   0x000004fc       0x34 MCAL/GIE/GIE.o
 .debug_frame   0x00000530       0x8c MCAL/INTERRUPT/ExtInt.o
 .debug_frame   0x000005bc      0x1b4 MCAL/TIMER/timer_prg.o
 .debug_frame   0x00000770       0x54 MCAL/USART/USART.o

.debug_str      0x00000000      0x9cb
 *(.debug_str)
 .debug_str     0x00000000      0x13d APP/main.o
                                0x171 (size before relaxing)
 .debug_str     0x0000013d       0x76 APP/Password/Password.o
                                0x18d (size before relaxing)
 .debug_str     0x000001b3       0xa6 HAL/BUZZER/Buzzer.o
                                0x1c6 (size before relaxing)
 .debug_str     0x00000259       0x97 HAL/DC_MOTOR/DC_MOTOR.o
                                0x185 (size before relaxing)
 .debug_str     0x000002f0       0x8d HAL/KEYPAD/KeyPad.o
                                0x1ca (size before relaxing)
 .debug_str     0x0000037d      0x108 HAL/LCD/Lcd.o
                                0x282 (size before relaxing)
 .debug_str     0x00000485       0x9a HAL/LED/Led.o
                                0x1b6 (size before relaxing)
 .debug_str     0x0000051f       0x57 HAL/PUSHBUTTON/PushButton.o
                                0x1a9 (size before relaxing)
 .debug_str     0x00000576       0xae HAL/SSG/Ssd.o
                                0x201 (size before relaxing)
 .debug_str     0x00000624       0x7c HAL/TMPSENSOR/TempSensor.o
                                0x11a (size before relaxing)
 .debug_str     0x000006a0       0x12 MCAL/ADC/Adc.o
                                 0xc6 (size before relaxing)
 .debug_str     0x000006b2       0x5a MCAL/DIO/Dio.o
                                0x14e (size before relaxing)
 .debug_str     0x0000070c       0x35 MCAL/GIE/GIE.o
                                 0xd3 (size before relaxing)
 .debug_str     0x00000741       0x51 MCAL/INTERRUPT/ExtInt.o
                                0x12a (size before relaxing)
 .debug_str     0x00000792      0x1c3 MCAL/TIMER/timer_prg.o
                                0x2c7 (size before relaxing)
 .debug_str     0x00000955       0x76 MCAL/USART/USART.o
                                0x101 (size before relaxing)

.debug_loc      0x00000000     0x18d3
 *(.debug_loc)
 .debug_loc     0x00000000       0x27 APP/Password/Password.o
 .debug_loc     0x00000027      0x1f3 HAL/DC_MOTOR/DC_MOTOR.o
 .debug_loc     0x0000021a      0x180 HAL/KEYPAD/KeyPad.o
 .debug_loc     0x0000039a      0x430 HAL/LCD/Lcd.o
 .debug_loc     0x000007ca      0x3a2 HAL/LED/Led.o
 .debug_loc     0x00000b6c      0x2f0 HAL/PUSHBUTTON/PushButton.o
 .debug_loc     0x00000e5c      0x216 HAL/SSG/Ssd.o
 .debug_loc     0x00001072       0x3f HAL/TMPSENSOR/TempSensor.o
 .debug_loc     0x000010b1      0x527 MCAL/DIO/Dio.o
 .debug_loc     0x000015d8       0xcb MCAL/INTERRUPT/ExtInt.o
 .debug_loc     0x000016a3      0x230 MCAL/TIMER/timer_prg.o

.debug_macinfo
 *(.debug_macinfo)

.debug_pubtypes
 *(.debug_pubtypes)

.debug_ranges   0x00000000      0x2d8
 *(.debug_ranges)
 .debug_ranges  0x00000000       0x10 APP/main.o
 .debug_ranges  0x00000010       0x10 APP/Password/Password.o
 .debug_ranges  0x00000020       0x48 HAL/BUZZER/Buzzer.o
 .debug_ranges  0x00000068       0x30 HAL/DC_MOTOR/DC_MOTOR.o
 .debug_ranges  0x00000098       0x18 HAL/KEYPAD/KeyPad.o
 .debug_ranges  0x000000b0       0x48 HAL/LCD/Lcd.o
 .debug_ranges  0x000000f8       0x38 HAL/LED/Led.o
 .debug_ranges  0x00000130       0x18 HAL/PUSHBUTTON/PushButton.o
 .debug_ranges  0x00000148       0x38 HAL/SSG/Ssd.o
 .debug_ranges  0x00000180       0x18 HAL/TMPSENSOR/TempSensor.o
 .debug_ranges  0x00000198       0x18 MCAL/ADC/Adc.o
 .debug_ranges  0x000001b0       0x38 MCAL/DIO/Dio.o
 .debug_ranges  0x000001e8       0x18 MCAL/GIE/GIE.o
 .debug_ranges  0x00000200       0x20 MCAL/INTERRUPT/ExtInt.o
 .debug_ranges  0x00000220       0x90 MCAL/TIMER/timer_prg.o
 .debug_ranges  0x000002b0       0x28 MCAL/USART/USART.o

.debug_macro
 *(.debug_macro)
OUTPUT(Mariam.elf elf32-avr)
LOAD linker stubs
